success
success
success
success
"google" "www.google.com"
"bored" "www.boredpanda.com"
"uw" "www.uwaterloo.ca"
