success
success
success
success
success
failure
deque is empty
size is 0
failure
deque is empty
size is 0
success
"bored" "www.boredpanda.com"
size is 1
success
success
"uw" "www.uwaterloo.ca"
"bored" "www.boredpanda.com"
"piazza" "www.piazza.com"
success
size is 2
success
deque is empty
