success
success
success
success
"google" "www.google.com"
"news" "news.google.com"
"stackexchange" "www.stackexchange.com"
success
"bored" "www.boredpanda.com"
"google" "www.google.com"
"news" "news.google.com"
"stackexchange" "www.stackexchange.com"
success
success
"uw" "www.uwaterloo.ca"
"bored" "www.boredpanda.com"
"google" "www.google.com"
"news" "news.google.com"
"stackexchange" "www.stackexchange.com"
"piazza" "www.piazza.com"
