success
success
success
success
4
4
success
5
5
success
6
6
