success
success
success
success
success
3 
2 3 4 
success

3 4 

success
success
success
3 4 2 
3 
2 
