success
success
number of words is: 2
success
number of words is: 275
