success
success
success
success
found goat
not found
correct
goat 
