success
success
success
success
success
success
success
cat chased dog frame goat pattern picture 
