success
success
success
success
success
success
number of words is: 274
empty 0
success
number of words is: 0
empty 1
