success
number of words is: 274
success
failure
failure
illegal argument
illegal argument
illegal argument
number of words is: 273
empty 0
not found
card 
success
correct
number of words is: 274
success
number of words is: 273
success
success
andy 
